// Jest Snapshot v1, https://goo.gl/fbAQLP

exports[`renders the component 1`] = `
<div>
  <div
    class="Select-module_root__Ka5uO custom-theme-2 select"
  >
    <label
      class="FieldLabel-module_label__1zrXK "
      for="hds-select-1-toggle-button"
      id="hds-select-1-label"
    >
      Select label
    </label>
    <div
      class="Select-module_wrapper__1WQXs"
    >
      <button
        aria-expanded="false"
        aria-haspopup="listbox"
        aria-labelledby="hds-select-1-label hds-select-1-toggle-button"
        aria-owns="hds-select-1-menu"
        class="Select-module_button__1aIsm Select-module_placeholder__21c0j"
        id="hds-select-1-toggle-button"
        type="button"
      >
        <svg
          aria-hidden="true"
          class="Icon-module_icon__1Jtzj icon_hds-icon__1YqNC Icon-module_s__2WGWe icon_hds-icon--size-s__2Lkik Select-module_angleIcon__2-9AD"
          role="img"
          viewBox="0 0 24 24"
          xmlns="http://www.w3.org/2000/svg"
        >
          <g
            fill="none"
            fill-rule="evenodd"
          >
            <path
              d="M0 0h24v24H0z"
            />
            <path
              d="M12 13.5l5-5 1.5 1.5-6.5 6.5L5.5 10 7 8.5z"
              fill="currentColor"
            />
          </g>
        </svg>
      </button>
      <ul
        aria-labelledby="hds-select-1-label"
        class="Select-module_menu__1H2aU"
        id="hds-select-1-menu"
        role="listbox"
        style="max-height: 260px;"
        tabindex="-1"
      />
    </div>
  </div>
</div>
`;
