// Jest Snapshot v1, https://goo.gl/fbAQLP

exports[`<TimeInput /> spec renders the component 1`] = `"<div class=\\"root css-0\\"><label id=\\"time-input-label\\" class=\\"label \\">timer</label><div class=\\"inputWrapper\\"><div class=\\"input timeInputFrame\\" role=\\"group\\" aria-labelledby=\\"time-input-label\\"><input aria-hidden=\\"true\\" readonly=\\"\\" class=\\"fullInput\\" id=\\"time-input\\" type=\\"text\\" tabindex=\\"-1\\" value=\\"\\"><label for=\\"time-input-hours\\" class=\\"partialInputLabel\\">Hours</label><input class=\\"partialInput\\" type=\\"text\\" id=\\"time-input-hours\\" inputmode=\\"numeric\\" placeholder=\\"--\\" value=\\"\\"><div class=\\"divider\\">:</div><label for=\\"time-input-minutes\\" class=\\"partialInputLabel\\">Minutes</label><input class=\\"partialInput\\" type=\\"text\\" id=\\"time-input-minutes\\" inputmode=\\"numeric\\" placeholder=\\"--\\" value=\\"\\"></div></div></div>"`;
