// Vitest Snapshot v1, https://vitest.dev/guide/snapshot.html

exports[`matches snapshot 1`] = `
<footer
  class="Footer-module_footer__1aD3T custom-theme-1 footer"
>
  <div
    class="Koros-module_koros__1r3rg Footer-module_koros__Orx_W Footer-module_basic__2VejY"
  >
    <svg
      aria-hidden="true"
      height="85"
      width="100%"
      xmlns="http://www.w3.org/2000/svg"
    >
      <defs>
        <pattern
          height="85"
          id="koros_basic-2"
          patternUnits="userSpaceOnUse"
          width="96"
          x="0"
          y="0"
        >
          <path
            d="m0 5v80h32v-80c-8 0-8-5-16-5s-8 5-16 5z"
            transform="scale(3)"
          />
        </pattern>
      </defs>
      <rect
        fill="url(#koros_basic-2)"
        height="85"
        style="shape-rendering: crispEdges;"
        width="100%"
      />
    </svg>
  </div>
  <div
    class="Footer-module_footerContent__3MC14"
  >
    <div
      class="Footer-module_footerSections__2nrr8"
    >
      <h2
        class="Footer-module_title__269y7"
      >
        Linked Events
      </h2>
      <div
        class="FooterNavigation-module_navigation__1gS9g"
      >
        <div
          class="FooterNavigationGroup-module_navigationGroup__1R66O"
        >
          <div
            class="FooterNavigationGroup-module_navigationGroupList__1ylGW"
          >
            <a
              class="FooterGroupHeading-module_heading__2iPBU FooterGroupHeading-module_navigation__10BLU"
              href="/sv/"
            >
              Startsidan
            </a>
            <a
              class="Link-module_link__TeBQo link_hds-link__5Oxo- Link-module_linkM__30gsY link_hds-link--medium__xEU_F FooterLink-module_item__3Ig3B FooterLink-module_subItem__3unGg FooterLink-module_navigation__1pNfs"
              href="/sv/search"
            >
              <svg
                aria-hidden="true"
                aria-label="angle-right"
                class="Icon-module_icon__1Jtzj icon_hds-icon__1YqNC Icon-module_s__2WGWe icon_hds-icon--size-s__2Lkik FooterLink-module_subItemIcon__2UHZi"
                role="img"
                viewBox="0 0 24 24"
                xmlns="http://www.w3.org/2000/svg"
              >
                <path
                  clip-rule="evenodd"
                  d="M13.5 12L8.5 7L10 5.5L16.5 12L10 18.5L8.5 17L13.5 12Z"
                  fill="currentColor"
                  fill-rule="evenodd"
                />
              </svg>
              <span>
                Sök efter evenemang
              </span>
            </a>
          </div>
        </div>
        <div
          class="FooterNavigationGroup-module_navigationGroup__1R66O"
        >
          <div
            class="FooterNavigationGroup-module_navigationGroupList__1ylGW"
          >
            <a
              class="FooterGroupHeading-module_heading__2iPBU FooterGroupHeading-module_navigation__10BLU"
              href="/sv/events"
            >
              Mina evenemangen
            </a>
            <a
              class="Link-module_link__TeBQo link_hds-link__5Oxo- Link-module_linkM__30gsY link_hds-link--medium__xEU_F FooterLink-module_item__3Ig3B FooterLink-module_subItem__3unGg FooterLink-module_navigation__1pNfs"
              href="/sv/events/create"
            >
              <svg
                aria-hidden="true"
                aria-label="angle-right"
                class="Icon-module_icon__1Jtzj icon_hds-icon__1YqNC Icon-module_s__2WGWe icon_hds-icon--size-s__2Lkik FooterLink-module_subItemIcon__2UHZi"
                role="img"
                viewBox="0 0 24 24"
                xmlns="http://www.w3.org/2000/svg"
              >
                <path
                  clip-rule="evenodd"
                  d="M13.5 12L8.5 7L10 5.5L16.5 12L10 18.5L8.5 17L13.5 12Z"
                  fill="currentColor"
                  fill-rule="evenodd"
                />
              </svg>
              <span>
                Nytt evenemang
              </span>
            </a>
          </div>
        </div>
        <div
          class="FooterNavigationGroup-module_navigationGroup__1R66O"
        >
          <div
            class="FooterNavigationGroup-module_navigationGroupList__1ylGW"
          >
            <a
              class="FooterGroupHeading-module_heading__2iPBU FooterGroupHeading-module_navigation__10BLU"
              href="/sv/help/instructions"
            >
              Instruktioner
            </a>
            <a
              class="Link-module_link__TeBQo link_hds-link__5Oxo- Link-module_linkM__30gsY link_hds-link--medium__xEU_F FooterLink-module_item__3Ig3B FooterLink-module_subItem__3unGg FooterLink-module_navigation__1pNfs"
              href="/sv/help/instructions/general"
            >
              <svg
                aria-hidden="true"
                aria-label="angle-right"
                class="Icon-module_icon__1Jtzj icon_hds-icon__1YqNC Icon-module_s__2WGWe icon_hds-icon--size-s__2Lkik FooterLink-module_subItemIcon__2UHZi"
                role="img"
                viewBox="0 0 24 24"
                xmlns="http://www.w3.org/2000/svg"
              >
                <path
                  clip-rule="evenodd"
                  d="M13.5 12L8.5 7L10 5.5L16.5 12L10 18.5L8.5 17L13.5 12Z"
                  fill="currentColor"
                  fill-rule="evenodd"
                />
              </svg>
              <span>
                Allmänt
              </span>
            </a>
            <a
              class="Link-module_link__TeBQo link_hds-link__5Oxo- Link-module_linkM__30gsY link_hds-link--medium__xEU_F FooterLink-module_item__3Ig3B FooterLink-module_subItem__3unGg FooterLink-module_navigation__1pNfs"
              href="/sv/help/instructions/platform"
            >
              <svg
                aria-hidden="true"
                aria-label="angle-right"
                class="Icon-module_icon__1Jtzj icon_hds-icon__1YqNC Icon-module_s__2WGWe icon_hds-icon--size-s__2Lkik FooterLink-module_subItemIcon__2UHZi"
                role="img"
                viewBox="0 0 24 24"
                xmlns="http://www.w3.org/2000/svg"
              >
                <path
                  clip-rule="evenodd"
                  d="M13.5 12L8.5 7L10 5.5L16.5 12L10 18.5L8.5 17L13.5 12Z"
                  fill="currentColor"
                  fill-rule="evenodd"
                />
              </svg>
              <span>
                Plattform
              </span>
            </a>
            <a
              class="Link-module_link__TeBQo link_hds-link__5Oxo- Link-module_linkM__30gsY link_hds-link--medium__xEU_F FooterLink-module_item__3Ig3B FooterLink-module_subItem__3unGg FooterLink-module_navigation__1pNfs"
              href="/sv/help/instructions/control-panel"
            >
              <svg
                aria-hidden="true"
                aria-label="angle-right"
                class="Icon-module_icon__1Jtzj icon_hds-icon__1YqNC Icon-module_s__2WGWe icon_hds-icon--size-s__2Lkik FooterLink-module_subItemIcon__2UHZi"
                role="img"
                viewBox="0 0 24 24"
                xmlns="http://www.w3.org/2000/svg"
              >
                <path
                  clip-rule="evenodd"
                  d="M13.5 12L8.5 7L10 5.5L16.5 12L10 18.5L8.5 17L13.5 12Z"
                  fill="currentColor"
                  fill-rule="evenodd"
                />
              </svg>
              <span>
                Kontrollpanel
              </span>
            </a>
            <a
              class="Link-module_link__TeBQo link_hds-link__5Oxo- Link-module_linkM__30gsY link_hds-link--medium__xEU_F FooterLink-module_item__3Ig3B FooterLink-module_subItem__3unGg FooterLink-module_navigation__1pNfs"
              href="/sv/help/instructions/registration"
            >
              <svg
                aria-hidden="true"
                aria-label="angle-right"
                class="Icon-module_icon__1Jtzj icon_hds-icon__1YqNC Icon-module_s__2WGWe icon_hds-icon--size-s__2Lkik FooterLink-module_subItemIcon__2UHZi"
                role="img"
                viewBox="0 0 24 24"
                xmlns="http://www.w3.org/2000/svg"
              >
                <path
                  clip-rule="evenodd"
                  d="M13.5 12L8.5 7L10 5.5L16.5 12L10 18.5L8.5 17L13.5 12Z"
                  fill="currentColor"
                  fill-rule="evenodd"
                />
              </svg>
              <span>
                Linked Registration instruktioner
              </span>
            </a>
            <a
              class="Link-module_link__TeBQo link_hds-link__5Oxo- Link-module_linkM__30gsY link_hds-link--medium__xEU_F FooterLink-module_item__3Ig3B FooterLink-module_subItem__3unGg FooterLink-module_navigation__1pNfs"
              href="/sv/help/instructions/faq"
            >
              <svg
                aria-hidden="true"
                aria-label="angle-right"
                class="Icon-module_icon__1Jtzj icon_hds-icon__1YqNC Icon-module_s__2WGWe icon_hds-icon--size-s__2Lkik FooterLink-module_subItemIcon__2UHZi"
                role="img"
                viewBox="0 0 24 24"
                xmlns="http://www.w3.org/2000/svg"
              >
                <path
                  clip-rule="evenodd"
                  d="M13.5 12L8.5 7L10 5.5L16.5 12L10 18.5L8.5 17L13.5 12Z"
                  fill="currentColor"
                  fill-rule="evenodd"
                />
              </svg>
              <span>
                FAQ
              </span>
            </a>
          </div>
        </div>
        <div
          class="FooterNavigationGroup-module_navigationGroup__1R66O"
        >
          <div
            class="FooterNavigationGroup-module_navigationGroupList__1ylGW"
          >
            <a
              class="FooterGroupHeading-module_heading__2iPBU FooterGroupHeading-module_navigation__10BLU"
              href="/sv/help/technology"
            >
              Teknologi
            </a>
            <a
              class="Link-module_link__TeBQo link_hds-link__5Oxo- Link-module_linkM__30gsY link_hds-link--medium__xEU_F FooterLink-module_item__3Ig3B FooterLink-module_subItem__3unGg FooterLink-module_navigation__1pNfs"
              href="/sv/help/technology/general"
            >
              <svg
                aria-hidden="true"
                aria-label="angle-right"
                class="Icon-module_icon__1Jtzj icon_hds-icon__1YqNC Icon-module_s__2WGWe icon_hds-icon--size-s__2Lkik FooterLink-module_subItemIcon__2UHZi"
                role="img"
                viewBox="0 0 24 24"
                xmlns="http://www.w3.org/2000/svg"
              >
                <path
                  clip-rule="evenodd"
                  d="M13.5 12L8.5 7L10 5.5L16.5 12L10 18.5L8.5 17L13.5 12Z"
                  fill="currentColor"
                  fill-rule="evenodd"
                />
              </svg>
              <span>
                Allmänt
              </span>
            </a>
            <a
              class="Link-module_link__TeBQo link_hds-link__5Oxo- Link-module_linkM__30gsY link_hds-link--medium__xEU_F FooterLink-module_item__3Ig3B FooterLink-module_subItem__3unGg FooterLink-module_navigation__1pNfs"
              href="/sv/help/technology/api"
            >
              <svg
                aria-hidden="true"
                aria-label="angle-right"
                class="Icon-module_icon__1Jtzj icon_hds-icon__1YqNC Icon-module_s__2WGWe icon_hds-icon--size-s__2Lkik FooterLink-module_subItemIcon__2UHZi"
                role="img"
                viewBox="0 0 24 24"
                xmlns="http://www.w3.org/2000/svg"
              >
                <path
                  clip-rule="evenodd"
                  d="M13.5 12L8.5 7L10 5.5L16.5 12L10 18.5L8.5 17L13.5 12Z"
                  fill="currentColor"
                  fill-rule="evenodd"
                />
              </svg>
              <span>
                API
              </span>
            </a>
            <a
              class="Link-module_link__TeBQo link_hds-link__5Oxo- Link-module_linkM__30gsY link_hds-link--medium__xEU_F FooterLink-module_item__3Ig3B FooterLink-module_subItem__3unGg FooterLink-module_navigation__1pNfs"
              href="/sv/help/technology/image-rights"
            >
              <svg
                aria-hidden="true"
                aria-label="angle-right"
                class="Icon-module_icon__1Jtzj icon_hds-icon__1YqNC Icon-module_s__2WGWe icon_hds-icon--size-s__2Lkik FooterLink-module_subItemIcon__2UHZi"
                role="img"
                viewBox="0 0 24 24"
                xmlns="http://www.w3.org/2000/svg"
              >
                <path
                  clip-rule="evenodd"
                  d="M13.5 12L8.5 7L10 5.5L16.5 12L10 18.5L8.5 17L13.5 12Z"
                  fill="currentColor"
                  fill-rule="evenodd"
                />
              </svg>
              <span>
                Bildrättigheter
              </span>
            </a>
            <a
              class="Link-module_link__TeBQo link_hds-link__5Oxo- Link-module_linkM__30gsY link_hds-link--medium__xEU_F FooterLink-module_item__3Ig3B FooterLink-module_subItem__3unGg FooterLink-module_navigation__1pNfs"
              href="/sv/help/technology/source-code"
            >
              <svg
                aria-hidden="true"
                aria-label="angle-right"
                class="Icon-module_icon__1Jtzj icon_hds-icon__1YqNC Icon-module_s__2WGWe icon_hds-icon--size-s__2Lkik FooterLink-module_subItemIcon__2UHZi"
                role="img"
                viewBox="0 0 24 24"
                xmlns="http://www.w3.org/2000/svg"
              >
                <path
                  clip-rule="evenodd"
                  d="M13.5 12L8.5 7L10 5.5L16.5 12L10 18.5L8.5 17L13.5 12Z"
                  fill="currentColor"
                  fill-rule="evenodd"
                />
              </svg>
              <span>
                Källkod
              </span>
            </a>
            <a
              class="Link-module_link__TeBQo link_hds-link__5Oxo- Link-module_linkM__30gsY link_hds-link--medium__xEU_F FooterLink-module_item__3Ig3B FooterLink-module_subItem__3unGg FooterLink-module_navigation__1pNfs"
              href="/sv/help/technology/documentation"
            >
              <svg
                aria-hidden="true"
                aria-label="angle-right"
                class="Icon-module_icon__1Jtzj icon_hds-icon__1YqNC Icon-module_s__2WGWe icon_hds-icon--size-s__2Lkik FooterLink-module_subItemIcon__2UHZi"
                role="img"
                viewBox="0 0 24 24"
                xmlns="http://www.w3.org/2000/svg"
              >
                <path
                  clip-rule="evenodd"
                  d="M13.5 12L8.5 7L10 5.5L16.5 12L10 18.5L8.5 17L13.5 12Z"
                  fill="currentColor"
                  fill-rule="evenodd"
                />
              </svg>
              <span>
                Dokumentation
              </span>
            </a>
          </div>
        </div>
        <div
          class="FooterNavigationGroup-module_navigationGroup__1R66O"
        >
          <div
            class="FooterNavigationGroup-module_navigationGroupList__1ylGW"
          >
            <a
              class="FooterGroupHeading-module_heading__2iPBU FooterGroupHeading-module_navigation__10BLU"
              href="/sv/help/support"
            >
              Stöd
            </a>
            <a
              class="Link-module_link__TeBQo link_hds-link__5Oxo- Link-module_linkM__30gsY link_hds-link--medium__xEU_F FooterLink-module_item__3Ig3B FooterLink-module_subItem__3unGg FooterLink-module_navigation__1pNfs"
              href="/sv/help/support/terms-of-use"
            >
              <svg
                aria-hidden="true"
                aria-label="angle-right"
                class="Icon-module_icon__1Jtzj icon_hds-icon__1YqNC Icon-module_s__2WGWe icon_hds-icon--size-s__2Lkik FooterLink-module_subItemIcon__2UHZi"
                role="img"
                viewBox="0 0 24 24"
                xmlns="http://www.w3.org/2000/svg"
              >
                <path
                  clip-rule="evenodd"
                  d="M13.5 12L8.5 7L10 5.5L16.5 12L10 18.5L8.5 17L13.5 12Z"
                  fill="currentColor"
                  fill-rule="evenodd"
                />
              </svg>
              <span>
                Villkor
              </span>
            </a>
            <a
              class="Link-module_link__TeBQo link_hds-link__5Oxo- Link-module_linkM__30gsY link_hds-link--medium__xEU_F FooterLink-module_item__3Ig3B FooterLink-module_subItem__3unGg FooterLink-module_navigation__1pNfs"
              href="/sv/help/support/contact"
            >
              <svg
                aria-hidden="true"
                aria-label="angle-right"
                class="Icon-module_icon__1Jtzj icon_hds-icon__1YqNC Icon-module_s__2WGWe icon_hds-icon--size-s__2Lkik FooterLink-module_subItemIcon__2UHZi"
                role="img"
                viewBox="0 0 24 24"
                xmlns="http://www.w3.org/2000/svg"
              >
                <path
                  clip-rule="evenodd"
                  d="M13.5 12L8.5 7L10 5.5L16.5 12L10 18.5L8.5 17L13.5 12Z"
                  fill="currentColor"
                  fill-rule="evenodd"
                />
              </svg>
              <span>
                Ta kontakt
              </span>
            </a>
            <a
              class="Link-module_link__TeBQo link_hds-link__5Oxo- Link-module_linkM__30gsY link_hds-link--medium__xEU_F FooterLink-module_item__3Ig3B FooterLink-module_subItem__3unGg FooterLink-module_navigation__1pNfs"
              href="/sv/help/support/ask-permission"
            >
              <svg
                aria-hidden="true"
                aria-label="angle-right"
                class="Icon-module_icon__1Jtzj icon_hds-icon__1YqNC Icon-module_s__2WGWe icon_hds-icon--size-s__2Lkik FooterLink-module_subItemIcon__2UHZi"
                role="img"
                viewBox="0 0 24 24"
                xmlns="http://www.w3.org/2000/svg"
              >
                <path
                  clip-rule="evenodd"
                  d="M13.5 12L8.5 7L10 5.5L16.5 12L10 18.5L8.5 17L13.5 12Z"
                  fill="currentColor"
                  fill-rule="evenodd"
                />
              </svg>
              <span>
                Begära tillgång
              </span>
            </a>
          </div>
        </div>
        <div
          class="FooterNavigationGroup-module_navigationGroup__1R66O"
        >
          <div
            class="FooterNavigationGroup-module_navigationGroupList__1ylGW"
          >
            <a
              class="FooterGroupHeading-module_heading__2iPBU FooterGroupHeading-module_navigation__10BLU"
              href="/sv/help/features"
            >
              Tjänstens egenskaper
            </a>
          </div>
        </div>
      </div>
      <div
        class="FooterUtilities-module_utilities__10PzW"
      >
        <hr
          aria-hidden="true"
          class="FooterUtilities-module_divider__2VjbX"
        />
        <div
          class="FooterUtilities-module_links__3P_Ga FooterUtilities-module_widerLinks__1h7MT"
        >
          <a
            class="Link-module_link__TeBQo link_hds-link__5Oxo- Link-module_linkM__30gsY link_hds-link--medium__xEU_F FooterLink-module_item__3Ig3B FooterLink-module_utility__3jLSl"
            href="https://www.hel.fi/static/liitteet-2019/Kaupunginkanslia/Rekisteriselosteet/Keha/Hantering%20av%20anvandar-id.pdf"
            target="_blank"
          >
            <span>
              Dataskydd
            </span>
            <svg
              aria-hidden="true"
              aria-label="link-external"
              class="Icon-module_icon__1Jtzj icon_hds-icon__1YqNC Icon-module_s__2WGWe icon_hds-icon--size-s__2Lkik FooterLink-module_icon__3KZCE link_icon__1UA7k"
              role="img"
              viewBox="0 0 24 24"
              xmlns="http://www.w3.org/2000/svg"
            >
              <path
                clip-rule="evenodd"
                d="M5 3V19H21V21H3V3H5ZM21 3V12H19V6.413L9.91421 15.5L8.5 14.0858L17.585 5H12V3H21Z"
                fill="currentColor"
                fill-rule="evenodd"
              />
            </svg>
          </a>
          <a
            class="Link-module_link__TeBQo link_hds-link__5Oxo- Link-module_linkM__30gsY link_hds-link--medium__xEU_F FooterLink-module_item__3Ig3B FooterLink-module_utility__3jLSl"
            href="/sv/accessibility-statement"
          >
            <span>
              Tillgänglighets­utlåtande
            </span>
          </a>
        </div>
      </div>
      <div
        class="FooterBase-module_base__2f0eu"
      >
        <hr
          aria-hidden="true"
          class="FooterBase-module_divider__3sz3q"
        />
        <div
          class="FooterBase-module_logoWrapper__3BI7d"
        >
          <a
            class="Link-module_link__TeBQo link_hds-link__5Oxo- Link-module_linkM__30gsY link_hds-link--medium__xEU_F FooterLink-module_item__3Ig3B"
            tabindex="0"
          >
            <img
              alt="Helsingfors stad - logo"
              class="Logo-module_logo__Y2mwP Logo-module_medium__1zyWm"
              src="data:image/svg+xml;base64,PHN2ZyB2aWV3Qm94PSIwIDAgMTA0IDM2IiB0aXRsZT0iSGVsc2luZ2ZvcnMgc3RhZCIgcm9sZT0iaW1nIiB4bWxucz0iaHR0cDovL3d3dy53My5vcmcvMjAwMC9zdmciPgogICAgPHBhdGgKICAgICAgICBkPSJNMTAzLjEwNSAwdjIyLjkzNWMwIDUuMTc5LTQuMjY2IDkuMzk3LTkuNTI0IDkuMzk3bC0zNC44NjcuMDMyYTguNDYgOC40NiAwIDAwLTUuOTgxIDIuNDcxTDUxLjU1MyAzNmwtMS4xODEtMS4xNjVhOC40MDUgOC40MDUgMCAwMC01Ljk4Mi0yLjQ3MUg5LjQ3NkM0LjI1IDMyLjM2NCAwIDI4LjE0NSAwIDIyLjk2NlYwaDEwMy4xMDV6bS0yLjIzNiAyLjIzNUgyLjI1MXYyMC43MzFjMCAzLjk1MSAzLjI0MyA3LjE2MyA3LjIyNSA3LjE2M0g0NC4zOWMyLjY3NiAwIDUuMTk1Ljk2IDcuMTYyIDIuNzM5IDEuOTY4LTEuNzggNC40ODYtMi43NCA3LjE2Mi0yLjc0bDM0Ljg2Ny0uMDNjNC4wMTQgMCA3LjI4OC0zLjIxMiA3LjI4OC03LjE2M3YtMjAuN3pNNjIuMDIgMTIuMDlsMiAxLjE1Yy0uMDMyIDEuMDA3LS40ODkgMS40NzktMS4zNTQgMS40NzktLjIwNSAwLS40NzMtLjA0Ny0uNjE0LS4wOTR2LjA2MmMuNDI1LjMzMS45NDQuODgyLjk0NCAxLjc2MyAwIDEuNTEyLTEuNDY0IDIuNDcyLTMuMjc0IDIuNDcyLS44MzQgMC0xLjU1OC4yNjctMS41NTguNjc3IDAgLjMxNS4yNjcuNDU2LjkxMy40NTYuNjQ1IDAgMS4zNjktLjEyNiAyLjIwMy0uMTI2IDEuNjUzIDAgMi43NTUuNjYxIDIuNzU1IDIuMTU3IDAgMS43OTQtMi4wMTUgMi41MDMtNC4yODIgMi41MDMtMi4xMDkgMC00LjAzLS41OTgtNC4wMy0xLjk1MiAwLS44MTkuODUtMS4zMDcgMS42MjItMS40NDh2LS4wNDhjLS41ODItLjE3My0xLjEwMi0uNTUtMS4xMDItMS4yMTIgMC0uODY1Ljg4Mi0xLjMzOCAxLjc3OS0xLjUyN3YtLjA0N2MtLjgzNC0uMzMtMS41NDMtMS4wMDctMS41NDMtMi4xODggMC0xLjUxMSAxLjMyMi0yLjU1IDMuMTMzLTIuNTUuNjkyIDAgMS4wODYuMTQyIDEuNjA1LjE0Mi42NDYgMCAuODgyLS4zNjIuODgyLS45NDUgMC0uMjY3LS4wNDctLjUzNS0uMDc5LS43MjR6bS0xLjczMSA5LjU0Yy0uOTMgMC0yLjcyNC4wNzgtMi43MjQuNzg2IDAgLjUzNi44OTguNzg3IDIuMTU3LjgwMyAxLjQxNyAwIDIuMjM1LS4yNjcgMi4yMzUtLjkxMyAwLS41MDQtLjc1NS0uNjc3LTEuNjY4LS42Nzd6bTI4Ljk5NS04LjAxM2MxLjUyNyAwIDIuOTI4LjcyNCAzLjUyNiAxLjc0N2wtMS44NDIgMS4wNGExLjYyNCAxLjYyNCAwIDAwLTEuNjA2LTEuMjEzYy0uNTUgMC0xLjAwNy4yMzYtMS4wMDcuNjc3IDAgLjU4MiAxLjAwNy42NDUgMi4xNTcgMS4wMDggMS4xOTYuMzc3IDIuMjk4LjkyOCAyLjI5OCAyLjMzIDAgMS41NDItMS40MzMgMi40NTUtMy4xMDEgMi40NTUtMS43OTUgMC0zLjIxMS0uNzcxLTMuODQxLTEuOTg0bDEuODczLTEuMDU0Yy4yNTIuODM0LjkxMyAxLjQ2NCAxLjkzNiAxLjQ2NC41OTggMCAxLjAyMy0uMjY4IDEuMDIzLS43NCAwLS42MTQtLjg1LS43NTYtMS44NDEtMS4wMjMtMS4xNjUtLjMxNS0yLjYxMy0uODgyLTIuNjEzLTIuMzQ2IDAtMS40NDggMS4zODUtMi4zNiAzLjAzOC0yLjM2em0tMTQuNjU1IDBjMi4wNzggMCAzLjY5OSAxLjUyNyAzLjY5OSA0LjAxNHMtMS42MDYgNC4wMTQtMy43IDQuMDE0Yy0yLjEwOSAwLTMuNzE0LTEuNTI3LTMuNzE0LTQuMDE0czEuNjA1LTQuMDE0IDMuNzE1LTQuMDE0em0tNDkuNjggMGMyLjA2MyAwIDMuNDMyIDEuNDY0IDMuNDMyIDMuNTQyLjAxNi42MTQtLjA5NCAxLjAzOS0uMDk0IDEuMDM5aC00Ljk3NGMuMDk0IDEuMjQzLjc4NyAxLjg1NyAxLjY4NCAxLjg1Ny44MDMgMCAxLjM1NC0uNTM1IDEuNDgtMS4yNmwxLjgxIDEuMDI0Yy0uNTM1Ljk3Ni0xLjY4NCAxLjgyNi0zLjI5IDEuODI2LTIuMTQgMC0zLjcxNS0xLjQ5NS0zLjcxNS00LjAxNCAwLTIuNDg3IDEuNjA2LTQuMDE0IDMuNjY4LTQuMDE0em0xMy4wNjYtLjAxNmMxLjUyNyAwIDIuOTI4LjcyNCAzLjUyNiAxLjc0OGwtMS44NDIgMS4wMzljLS4xODktLjY3Ny0uNzU1LTEuMjEzLTEuNjA1LTEuMjEzLS41NTEgMC0xLjAwOC4yMzctMS4wMDguNjc3IDAgLjU4MyAxLjAwOC42NDYgMi4xNCAxLjAwOCAxLjE5Ny4zNzggMi4zLjkyOCAyLjMgMi4zMyAwIDEuNTQyLTEuNDMzIDIuNDQtMy4wODYgMi40NC0xLjc5NSAwLTMuMjExLS43NTYtMy44NDEtMS45ODRsMS44NzMtMS4wNTVjLjIzNi44MzUuOTEzIDEuNDY0IDEuOTM2IDEuNDY0LjU4My4wMTYgMS4wMDgtLjIzNiAxLjAwOC0uNzI0IDAtLjYxNC0uODUtLjc0LTEuODQyLTEuMDIzLTEuMTY1LS4zLTIuNTk3LS44ODItMi41OTctMi4zNDUgMC0xLjQ0OSAxLjM4NS0yLjM2MiAzLjAzOC0yLjM2MnpNMzIuMyAxMC41M3Y4LjUwMWMwIC4zNjIuMDQ3LjYxNC4xNTcuNzU2LjA5NS4xNTcuMjIuMjIuNTA0LjIyLjE3MyAwIC4zMyAwIC40NTYtLjAzMWEyLjAxIDIuMDEgMCAwMC40NTctLjEyNmwtLjE4OSAxLjQ0OGEyLjUzMiAyLjUzMiAwIDAxLS42NDUuMjM2Yy0uMjUyLjA0Ny0uNTIuMDc5LS43NzIuMDc5LS43NCAwLTEuMjc1LS4xNzQtMS42MjEtLjUzNi0uMzMtLjM2Mi0uNTA0LS45NDQtLjUwNC0xLjczMVYxMC41M2gyLjE1N3ptMTkuODE4IDMuMDg2YzEuNDggMCAyLjQwOCAxLjAyMyAyLjQwOCAyLjkyOHY0LjkxMWgtMi4xNTZWMTYuOTdjMC0xLjAwNy0uMzYyLTEuNTQzLTEuMTY1LTEuNTQzcy0xLjMyMi42MTQtMS4zMjIgMS40OTZ2NC41NDloLTIuMTQxdi03LjY2NmgyLjE0bC0uMTEgMS4yNmguMDQ4Yy4zNzgtLjcxIDEuMDM5LTEuNDQ5IDIuMjk4LTEuNDQ5em0xNi43MzMtMy4zMzdhMy4yNyAzLjI3IDAgMDEyLjczOSAxLjRsLTEuODU4IDEuMTM0Yy0uMDMxLS40NTYtLjI1Mi0uOTI4LS43NzEtLjkyOC0uNTM1IDAtLjc4Ny40MDktLjc4NyAxLjA4NnYuODM0aDEuNjg0djEuNjM3aC0xLjY4NHY2LjAyOWgtMi4xNHYtNi4wMjloLTEuMTgxdi0xLjYzN2gxLjE4di0uODE5YzAtMS43OTQgMS4xOC0yLjcwNyAyLjgxOC0yLjcwN3ptMTQuODEyIDMuMzg0YzEuMDg2IDAgMS42ODQuOTEzIDEuNjg0IDIuMDMgMCAuNTA1LS4wNzguODk4LS4wNzguODk4bC0xLjkzNiAxLjExOGMuMDMxLS4yMi4xMjYtLjc0LjEyNi0xLjI2IDAtLjUwMy0uMTktLjk3NS0uNzI1LS45NzUtLjY3NiAwLS45NDQuNjMtLjk0NCAxLjYydjQuMzc3aC0yLjE1N3YtNy42NWgyLjE1N2wtLjExIDEuMjU5aC4wNDdjLjM3OC0uNzQuOTYtMS40MTcgMS45MzYtMS40MTd6bS03MC41Mi0yLjcyM3Y0LjE3MWg0LjIwM3YtNC4xN2gyLjIzNXYxMC41MTRoLTIuMjM1di00LjM2aC00LjIwM3Y0LjM2aC0yLjIzNVYxMC45NGgyLjIzNXptMzIuMzMyIDIuODV2Ny42NjVINDMuMzJWMTMuNzloMi4xNTZ6bTI5LjE1MyAxLjQ2M2MtMS4wNyAwLTEuNTQzIDEuMDA4LTEuNTQzIDIuMzc3IDAgMS4zNy40NzIgMi4zNzcgMS41NDMgMi4zNzcgMS4wNTQgMCAxLjUyNy0xLjAwNyAxLjUyNy0yLjM3NyAwLTEuMzctLjQ3My0yLjM3Ny0xLjUyNy0yLjM3N3ptLTE0Ljg5MS0uMTg5Yy0uNzI0IDAtMS4zMDcuNDczLTEuMzA3IDEuMTk3IDAgLjc0LjU4MyAxLjIxMiAxLjMwNyAxLjE5Ni43MjQgMCAxLjMwNi0uNDcyIDEuMzA2LTEuMTk2cy0uNTgyLTEuMTk3LTEuMzA2LTEuMTk3em0tMzQuNzczLjA5NWMtLjc4NyAwLTEuNDMyLjU2Ni0xLjYwNSAxLjYwNWgzLjAzOGMwLS45MTMtLjU5OC0xLjYwNS0xLjQzMy0xLjYwNXptMTkuNDQtNC42NzVjLjY5MyAwIDEuMjQ0LjUwMyAxLjI0NCAxLjE5NnMtLjU1IDEuMTk2LTEuMjQzIDEuMTk2Yy0uNzA5IDAtMS4yNDQtLjUwMy0xLjI0NC0xLjE5NnMuNTUxLTEuMTk2IDEuMjQ0LTEuMTk2eiIKICAgICAgICBmaWxsPSJjdXJyZW50Q29sb3IiIC8+Cjwvc3ZnPg=="
            />
          </a>
        </div>
        <div
          class="FooterBase-module_copyright__2iiev"
        >
          <span>
            © 
            Helsingfors stad
             
            2024
          </span>
          <span
            class="FooterBase-module_copyrightDot__2AfS6"
          >
            •
          </span>
          <span>
            Alla rättigheter förbehållna.
          </span>
        </div>
        <div
          class="FooterBase-module_baseActions__1hCiR"
        >
          <button
            class="FooterBase-module_backToTopButton__hXTHm"
            role="link"
            type="button"
          >
            Tillbaka till toppen
            <svg
              aria-hidden="true"
              aria-label="arrow-up"
              class="Icon-module_icon__1Jtzj icon_hds-icon__1YqNC Icon-module_s__2WGWe icon_hds-icon--size-s__2Lkik"
              role="img"
              viewBox="0 0 24 24"
              xmlns="http://www.w3.org/2000/svg"
            >
              <path
                clip-rule="evenodd"
                d="M12 3.5L18.5 10L17 11.5L13 7.5V20H11V7.5L7 11.5L5.5 10L12 3.5Z"
                fill="currentColor"
                fill-rule="evenodd"
              />
            </svg>
          </button>
        </div>
      </div>
    </div>
  </div>
</footer>
`;
